// Vitest Snapshot v1, https://vitest.dev/guide/snapshot.html

exports[`createElementNode > should correctly create new element node 1`] = `
{
  "children": [],
  "data": {},
  "isKnownVoid": false,
  "tag": "test",
  "type": "ELEMENT",
}
`;

exports[`createElementNode > should correctly create new element node 2`] = `
{
  "children": [],
  "data": {},
  "isKnownVoid": false,
  "tag": "test",
  "type": "ELEMENT",
}
`;
